Prelude is up to date
Compiling parser/DerivingUnknownClass.hs
(3,14): Unknown class "Koe"
Compilation failed with 1 error
