Prelude is up to date
Compiling parser/IncorrectModuleName.hs
(1,12): Syntax error: 
    unexpected integer literal '1'
    expecting module name
Compilation failed with 1 error
