Prelude is up to date
Compiling runtimeerrors/ExprDoPat2.hs
(6,9): Warning: Missing patterns in generator: 
  _ : (_ : _) <- ...
  [] <- ...
Compilation successful with 1 warning
exception: pattern match failed at pattern binding ranging from (4,1) to (8,6) in module runtimeerrors/ExprDoPat2.hs.

trace:
  demanded from "LvmLang.unsafePerformIO"
  demanded from "LvmLang.<#"
  demanded from "HeliumLang.showInt"
  demanded from "HeliumLang.$primPutChars"
  demanded from "LvmLang.bindIO"
  demanded from "LvmLang.unsafePerformIO"
