Prelude is up to date
Compiling make/SynExportC.hs
Compilation successful
Compiling make/SynExportB.hs
(8,1): Warning: Missing type signature: x :: A
Compilation successful with 1 warning
Compiling make/SynExportA.hs
(7,1): Warning: Missing type signature: main :: Int
Compilation successful with 1 warning
4
