Prelude is up to date
Compiling staticerrors/DataDupTycon3.hs
(5,6): Type constructor "Int" clashes with definition in imported module HeliumLang
Compilation failed with 1 error
