Prelude is up to date
Compiling thompson/Thompson20.hs
Compilation successful
No 'main' function defined in this module
