Prelude is up to date
Compiling typeerrors/Examples/NoInstanceEq.hs
(6,12): Type error in overloaded function
 function         : ==
   type           : Eq a => a -> a -> Bool
   used as        :         A -> A -> Bool
 problem          : A is not an instance of class Eq
 hint             : valid instances of Eq are D, Int, Float, Char, Bool, Maybe
                    a, Either a b, [a] and tuples

Compilation failed with 1 error
