Prelude is up to date
Compiling typeerrors/Examples/StatExpr.hs
(3,5): Type error in overloaded do-expression
 expression       : do "koe"
   type           : String
 problem          : [] is not an instance of class Monad
 hint             : valid instances of Monad are IO and Maybe

Compilation failed with 1 error
