Prelude is up to date
Compiling classesQualified/ClassA.hs
Compilation successful
Compiling classesQualified/DataClassNameQual.hs
Compilation successful
No 'main' function defined in this module
