Prelude is up to date
Compiling exports/ExportBasic.hs
Compilation successful
Compiling exports/Export4.hs
Compilation successful
288