Prelude is up to date
Compiling exports/ExportBasic.hs
Compilation successful
Compiling exports/ExportBasic2.hs
Compilation successful
Compiling exports/Export2.hs
Compilation successful
0