Prelude is up to date
Compiling exports/Export9.hs
Compilation successful
3