Prelude is up to date
Compiling exports/ExportBasic2.hs
Compilation successful
No 'main' function defined in this module