Prelude is up to date
Compiling exports/ExportBasic2.hs
Compilation successful
Compiling exports/Export5.hs
Compilation successful
432