Prelude is up to date
Compiling exports/ExportBasic2.hs
Compilation successful
Compiling exports/ExportBasic5.hs
Compilation successful
Compiling exports/Export16.hs
Compilation successful
True