Prelude is up to date
Compiling exports/ExportBasic.hs
Compilation successful
Compiling exports/ExportBasic4.hs
Compilation successful
Compiling exports/Export12.hs
Compilation successful
2