Prelude is up to date
Compiling exports/ExportBasic2.hs
Compilation successful
Compiling exports/ExportBasic3.hs
Compilation successful
Compiling exports/ExportBasic6.hs
Compilation successful
Compiling exports/Export21.hs
Compilation successful
8