Prelude is up to date
Compiling exports/ExportBasic.hs
Compilation successful
No 'main' function defined in this module