Prelude is up to date
Compiling exports/Qual1.hs
Compilation successful
Compiling exports/Qual2.hs
Compilation successful
No 'main' function defined in this module