Prelude is up to date
Compiling typeClasses/ClassInstance6.hs
(11,1): Warning: Missing type signature: main :: Int
Compilation successful with 1 warning
4000
