Prelude is up to date
Compiling typeClasses/ClassInstaneError17.hs
(4,10): Warning: The function: f for an instance of: X is not defined and doesn't have a default.
(6,1): Warning: Missing type signature: main :: Int
Compilation successful with 2 warnings
exception: undefined.

trace:
  demanded from "LvmLang.<#"
  demanded from "HeliumLang.showInt"
  demanded from "HeliumLang.$primPutChars"
  demanded from "LvmLang.bindIO"
  demanded from "LvmLang.unsafePerformIO"
