Prelude is up to date
Compiling typeClasses/ClassInstance8.hs
(16,1): Warning: Missing type signature: main :: Int
Compilation successful with 1 warning
200
