Prelude is up to date
Compiling typeClasses/ClassInstance12.hs
(13,1): Warning: Missing type signature: main :: (Int, Int)
Compilation successful with 1 warning
(4,(-4))
