Prelude is up to date
Compiling typeClasses/ClassInstance11.hs
(42,1): Warning: Missing type signature: main :: Char
Compilation successful with 1 warning
'`'
