Prelude is up to date
Compiling typeClasses/ClassInstance7.hs
(11,1): Warning: Missing type signature: main :: Int
Compilation successful with 1 warning
20
