Prelude is up to date
Compiling typeClasses/PreludeInstances3.hs
(8,1): Warning: Missing type signature: main :: [Bool]
Compilation successful with 1 warning
[True,False,True,False,False,False,False,False]
